Microchip MPLAB XC8 Compiler V2.36

Linker command line:

-W-3 --edf=/Applications/microchip/xc8/v2.36/pic/dat/en_msgs.txt -cn \
  -h+dist/default/production/LEDStripController.X.production.sym \
  --cmf=dist/default/production/LEDStripController.X.production.cmf -z \
  -Q16LF1764 -o/tmp/xcizS1HTX --defsym=__MPLAB_BUILD=1 \
  -Mdist/default/production/LEDStripController.X.production.map \
  --md=/tmp/xcWxtozLj.dat -E1 -ver=XC8 Compiler --acfsm=1493 \
  -ACODE=00h-07FFhx2 -ASTRCODE=00h-0FFFh -ASTRING=00h-0FFhx16 \
  -ACONST=00h-0FFhx16 -AENTRY=00h-0FFhx16 -ACOMMON=070h-07Fh \
  -ABANK0=020h-06Fh -ABANK1=0A0h-0EFh -ABANK2=0120h-016Fh \
  -ABANK3=01A0h-01EFh -ABANK4=0220h-026Fh -ABANK5=02A0h-02EFh \
  -ABANK6=0320h-032Fh -ABIGRAM=02000h-021EFh \
  -ARAM=020h-06Fh,0A0h-0EFh,0120h-016Fh,01A0h-01EFh,0220h-026Fh,02A0h-02EFh,0320h-032Fh \
  -AABS1=020h-07Fh,0A0h-0EFh,0120h-016Fh,01A0h-01EFh,0220h-026Fh,02A0h-02EFh,0320h-032Fh \
  -ASFR0=00h-01Fh -ASFR1=080h-09Fh -ASFR2=0100h-011Fh -ASFR3=0180h-019Fh \
  -ASFR4=0200h-021Fh -ASFR5=0280h-029Fh -ASFR6=0300h-031Fh \
  -ASFR7=0380h-03EFh -ASFR8=0400h-046Fh -ASFR9=0480h-04EFh \
  -ASFR10=0500h-056Fh -ASFR11=0580h-05EFh -ASFR12=0600h-066Fh \
  -ASFR13=0680h-06EFh -ASFR14=0700h-076Fh -ASFR15=0780h-07EFh \
  -ASFR16=0800h-086Fh -ASFR17=0880h-08EFh -ASFR18=0900h-096Fh \
  -ASFR19=0980h-09EFh -ASFR20=0A00h-0A6Fh -ASFR21=0A80h-0AEFh \
  -ASFR22=0B00h-0B6Fh -ASFR23=0B80h-0BEFh -ASFR24=0C00h-0C6Fh \
  -ASFR25=0C80h-0CEFh -ASFR26=0D00h-0D6Fh -ASFR27=0D80h-0DEFh \
  -ASFR28=0E00h-0E6Fh -ASFR29=0E80h-0EEFh -ASFR30=0F00h-0F6Fh \
  -ASFR31=0F80h-0FEFh -ACONFIG=08007h-08008h -DCONFIG=2 \
  -AIDLOC=08000h-08003h -DIDLOC=2 -DCODE=2 -DSTRCODE=2 -DSTRING=2 -DCONST=2 \
  -DENTRY=2 -preset_vec=00h,intentry,init,end_init -ppowerup=CODE \
  -pcinit=CODE -pfunctab=ENTRY -k /tmp/xc1HZ4f7y.o \
  dist/default/production/LEDStripController.X.production.o 

Object code version is 3.11

Machine type is 16LF1764



                Name                               Link     Load   Length Selector   Space Scale
/tmp/xc1HZ4f7y.o
                end_init                              2        2        2        0       0
                reset_vec                             0        0        2        0       0
                config                             8007     8007        2        0       4
                idloc                              8000     8000        4        0       5
dist/default/production/LEDStripController.X.production.o
                cinit                               7F5      7F5        B      FEA       0
                config                             8007     8007        2        0       4
                idloc                              8000     8000        4        0       5
                text9                               712      712        8      E24       0
                text8                               73C      73C       20      E78       0
                text7                               704      704        4      E08       0
                text6                               71A      71A        A      E34       0
                text5                               724      724        B      E48       0
                text4                               70C      70C        6      E18       0
                text3                               708      708        4      E10       0
                text2                               79B      79B       5A      F36       0
                text1                               72F      72F        D      E5E       0
                maintext                            75C      75C       3F      EB8       0
                cstackCOMMON                         70       70        C       70       1
                bssBANK0                             20       20        6       20       1
                bssCOMMON                            7C       7C        1       70       1

TOTAL           Name                               Link     Load   Length     Space
        CLASS   CODE           
                end_init                              2        2        2         0
                cinit                               7F5      7F5        B         0
                reset_vec                             0        0        2         0
                text9                               712      712        8         0
                text8                               73C      73C       20         0
                text7                               704      704        4         0
                text6                               71A      71A        A         0
                text5                               724      724        B         0
                text4                               70C      70C        6         0
                text3                               708      708        4         0
                text2                               79B      79B       5A         0
                text1                               72F      72F        D         0
                maintext                            75C      75C       3F         0

        CLASS   STRCODE        

        CLASS   STRING         

        CLASS   CONST          

        CLASS   ENTRY          

        CLASS   COMMON         
                cstackCOMMON                         70       70        C         1
                bssCOMMON                            7C       7C        1         1

        CLASS   BANK0          
                bssBANK0                             20       20        6         1

        CLASS   BANK1          

        CLASS   BANK2          

        CLASS   BANK3          

        CLASS   BANK4          

        CLASS   BANK5          

        CLASS   BANK6          

        CLASS   BIGRAM         

        CLASS   RAM            

        CLASS   ABS1           
                abs_s1                               7E       7E        2         1

        CLASS   SFR0           

        CLASS   SFR1           

        CLASS   SFR2           

        CLASS   SFR3           

        CLASS   SFR4           

        CLASS   SFR5           

        CLASS   SFR6           

        CLASS   SFR7           

        CLASS   SFR8           

        CLASS   SFR9           

        CLASS   SFR10          

        CLASS   SFR11          

        CLASS   SFR12          

        CLASS   SFR13          

        CLASS   SFR14          

        CLASS   SFR15          

        CLASS   SFR16          

        CLASS   SFR17          

        CLASS   SFR18          

        CLASS   SFR19          

        CLASS   SFR20          

        CLASS   SFR21          

        CLASS   SFR22          

        CLASS   SFR23          

        CLASS   SFR24          

        CLASS   SFR25          

        CLASS   SFR26          

        CLASS   SFR27          

        CLASS   SFR28          

        CLASS   SFR29          

        CLASS   SFR30          

        CLASS   SFR31          

        CLASS   CONFIG         
                config                             8007     8007        2         4

        CLASS   IDLOC          
                idloc                              8000     8000        4         5

        CLASS   BANK31         

        CLASS   BANK30         

        CLASS   BANK29         

        CLASS   BANK28         

        CLASS   BANK27         

        CLASS   BANK26         

        CLASS   BANK25         

        CLASS   BANK24         

        CLASS   BANK23         

        CLASS   BANK22         

        CLASS   BANK21         

        CLASS   BANK20         

        CLASS   BANK19         

        CLASS   BANK18         

        CLASS   BANK17         

        CLASS   BANK16         

        CLASS   BANK15         

        CLASS   BANK14         

        CLASS   BANK13         

        CLASS   BANK12         

        CLASS   BANK11         

        CLASS   BANK10         

        CLASS   BANK9          

        CLASS   BANK8          

        CLASS   BANK7          

        CLASS   HEAP           

        CLASS   STACK          

        CLASS   EEDATA         



SEGMENTS        Name                           Load    Length   Top    Selector   Space  Class     Delta

                text1                          00072F  00000D  00073C       E5E       0  CODE        2
                reset_vec                      000000  000004  000004         0       0  CODE        2
                text5                          000724  00000B  00072F       E48       0  CODE        2
                text8                          00073C  000020  00075C       E78       0  CODE        2
                text9                          000712  000008  00071A       E24       0  CODE        2
                text6                          00071A  00000A  000724       E34       0  CODE        2
                text2                          00079B  00005A  0007F5       F36       0  CODE        2
                maintext                       00075C  00003F  00079B       EB8       0  CODE        2
                text3                          000708  000004  00070C       E10       0  CODE        2
                text7                          000704  000004  000708       E08       0  CODE        2
                text4                          00070C  000006  000712       E18       0  CODE        2
                cstackCOMMON                   000070  00000D  00007D        70       1  COMMON      1
                cinit                          0007F5  00000B  000800       FEA       0  CODE        2
                bssBANK0                       000020  000006  000026        20       1  BANK0       1


UNUSED ADDRESS RANGES

        Name                Unused          Largest block    Delta
        BANK0            00026-0006F              4A           1
        BANK1            000A0-000EF              50           1
        BANK2            00120-0016F              50           1
        BANK3            001A0-001EF              50           1
        BANK4            00220-0026F              50           1
        BANK5            002A0-002EF              50           1
        BANK6            00320-0032F              10           1
        BIGRAM           02000-021EF             1F0           1
        CODE             00004-00703             700           2
                         00800-00FFF             800
        COMMON           0007D-0007D               1           1
        CONST            00004-00703             100           2
                         00800-00FFF             100
        ENTRY            00004-00703             100           2
                         00800-00FFF             100
        RAM              00026-0006F              4A           1
                         000A0-000EF              50
                         00120-0016F              50
                         001A0-001EF              50
                         00220-0026F              50
                         002A0-002EF              50
                         00320-0032F              10
        SFR0             00000-0001F              20           1
        SFR1             00080-0009F              20           1
        SFR10            00500-0056F              70           1
        SFR11            00580-005EF              70           1
        SFR12            00600-0066F              70           1
        SFR13            00680-006EF              70           1
        SFR14            00700-0076F              70           1
        SFR15            00780-007EF              70           1
        SFR16            00800-0086F              70           1
        SFR17            00880-008EF              70           1
        SFR18            00900-0096F              70           1
        SFR19            00980-009EF              70           1
        SFR2             00100-0011F              20           1
        SFR20            00A00-00A6F              70           1
        SFR21            00A80-00AEF              70           1
        SFR22            00B00-00B6F              70           1
        SFR23            00B80-00BEF              70           1
        SFR24            00C00-00C6F              70           1
        SFR25            00C80-00CEF              70           1
        SFR26            00D00-00D6F              70           1
        SFR27            00D80-00DEF              70           1
        SFR28            00E00-00E6F              70           1
        SFR29            00E80-00EEF              70           1
        SFR3             00180-0019F              20           1
        SFR30            00F00-00F6F              70           1
        SFR31            00F80-00FEF              70           1
        SFR4             00200-0021F              20           1
        SFR5             00280-0029F              20           1
        SFR6             00300-0031F              20           1
        SFR7             00380-003EF              70           1
        SFR8             00400-0046F              70           1
        SFR9             00480-004EF              70           1
        STRCODE          00004-00703             700           2
                         00800-00FFF             800
        STRING           00004-00703             100           2
                         00800-00FFF             100

                                  Symbol Table

_ANSELA                         (abs)        0018C
_ANSELC                         (abs)        0018E
_BORCON                         (abs)        0021D
_INLVLA                         (abs)        0038C
_INLVLC                         (abs)        0038E
_LATA                           (abs)        0010C
_LATAbits                       (abs)        0010C
_LATC                           (abs)        0010E
_ODCONA                         (abs)        0028C
_ODCONC                         (abs)        0028E
_OPTION_REGbits                 (abs)        00095
_OSCCON                         (abs)        00099
_OSCILLATOR_Initialize          text9        00712
_OSCSTAT                        (abs)        0009A
_OSCTUNE                        (abs)        00098
_PIN_MANAGER_Initialize         text8        0073C
_SLRCONA                        (abs)        0030C
_SLRCONC                        (abs)        0030E
_SYSTEM_Initialize              text6        0071A
_TRISA                          (abs)        0008C
_TRISC                          (abs)        0008E
_WDTCON                         (abs)        00097
_WDT_Initialize                 text7        00704
_WPUA                           (abs)        0020C
_WPUC                           (abs)        0020E
__Habs1                         abs1         00000
__Hbank0                        bank0        00000
__Hbank1                        bank1        00000
__Hbank10                       bank10       00000
__Hbank11                       bank11       00000
__Hbank12                       bank12       00000
__Hbank13                       bank13       00000
__Hbank14                       bank14       00000
__Hbank15                       bank15       00000
__Hbank16                       bank16       00000
__Hbank17                       bank17       00000
__Hbank18                       bank18       00000
__Hbank19                       bank19       00000
__Hbank2                        bank2        00000
__Hbank20                       bank20       00000
__Hbank21                       bank21       00000
__Hbank22                       bank22       00000
__Hbank23                       bank23       00000
__Hbank24                       bank24       00000
__Hbank25                       bank25       00000
__Hbank26                       bank26       00000
__Hbank27                       bank27       00000
__Hbank28                       bank28       00000
__Hbank29                       bank29       00000
__Hbank3                        bank3        00000
__Hbank30                       bank30       00000
__Hbank31                       bank31       00000
__Hbank4                        bank4        00000
__Hbank5                        bank5        00000
__Hbank6                        bank6        00000
__Hbank7                        bank7        00000
__Hbank8                        bank8        00000
__Hbank9                        bank9        00000
__Hbigram                       bigram       00000
__HbssBANK0                     bssBANK0     00000
__HbssCOMMON                    bssCOMMON    00000
__Hcinit                        cinit        00800
__Hclrtext                      clrtext      00000
__Hcode                         code         00000
__Hcommon                       common       00000
__Hconfig                       config       08009
__HcstackCOMMON                 cstackCOMMON 00000
__Heeprom_data                  eeprom_data  00000
__Hend_init                     end_init     00004
__Hfunctab                      functab      00000
__Hheap                         heap         00000
__Hidloc                        idloc        08004
__Hinit                         init         00002
__Hintentry                     intentry     00002
__Hmaintext                     maintext     00000
__Hpowerup                      powerup      00000
__Hram                          ram          00000
__Hreset_vec                    reset_vec    00002
__Hsfr0                         sfr0         00000
__Hsfr1                         sfr1         00000
__Hsfr10                        sfr10        00000
__Hsfr11                        sfr11        00000
__Hsfr12                        sfr12        00000
__Hsfr13                        sfr13        00000
__Hsfr14                        sfr14        00000
__Hsfr15                        sfr15        00000
__Hsfr16                        sfr16        00000
__Hsfr17                        sfr17        00000
__Hsfr18                        sfr18        00000
__Hsfr19                        sfr19        00000
__Hsfr2                         sfr2         00000
__Hsfr20                        sfr20        00000
__Hsfr21                        sfr21        00000
__Hsfr22                        sfr22        00000
__Hsfr23                        sfr23        00000
__Hsfr24                        sfr24        00000
__Hsfr25                        sfr25        00000
__Hsfr26                        sfr26        00000
__Hsfr27                        sfr27        00000
__Hsfr28                        sfr28        00000
__Hsfr29                        sfr29        00000
__Hsfr3                         sfr3         00000
__Hsfr30                        sfr30        00000
__Hsfr31                        sfr31        00000
__Hsfr4                         sfr4         00000
__Hsfr5                         sfr5         00000
__Hsfr6                         sfr6         00000
__Hsfr7                         sfr7         00000
__Hsfr8                         sfr8         00000
__Hsfr9                         sfr9         00000
__Hspace_0                      (abs)        00800
__Hspace_1                      (abs)        0007D
__Hspace_2                      (abs)        00000
__Hspace_3                      (abs)        00000
__Hspace_4                      (abs)        10010
__Hstack                        stack        00000
__Hstrings                      strings      00000
__Htext                         text         00000
__Labs1                         abs1         00000
__Lbank0                        bank0        00000
__Lbank1                        bank1        00000
__Lbank10                       bank10       00000
__Lbank11                       bank11       00000
__Lbank12                       bank12       00000
__Lbank13                       bank13       00000
__Lbank14                       bank14       00000
__Lbank15                       bank15       00000
__Lbank16                       bank16       00000
__Lbank17                       bank17       00000
__Lbank18                       bank18       00000
__Lbank19                       bank19       00000
__Lbank2                        bank2        00000
__Lbank20                       bank20       00000
__Lbank21                       bank21       00000
__Lbank22                       bank22       00000
__Lbank23                       bank23       00000
__Lbank24                       bank24       00000
__Lbank25                       bank25       00000
__Lbank26                       bank26       00000
__Lbank27                       bank27       00000
__Lbank28                       bank28       00000
__Lbank29                       bank29       00000
__Lbank3                        bank3        00000
__Lbank30                       bank30       00000
__Lbank31                       bank31       00000
__Lbank4                        bank4        00000
__Lbank5                        bank5        00000
__Lbank6                        bank6        00000
__Lbank7                        bank7        00000
__Lbank8                        bank8        00000
__Lbank9                        bank9        00000
__Lbigram                       bigram       00000
__LbssBANK0                     bssBANK0     00000
__LbssCOMMON                    bssCOMMON    00000
__Lcinit                        cinit        007F5
__Lclrtext                      clrtext      00000
__Lcode                         code         00000
__Lcommon                       common       00000
__Lconfig                       config       00000
__LcstackCOMMON                 cstackCOMMON 00000
__Leeprom_data                  eeprom_data  00000
__Lend_init                     end_init     00002
__Lfunctab                      functab      00000
__Lheap                         heap         00000
__Lidloc                        idloc        00000
__Linit                         init         00002
__Lintentry                     intentry     00002
__Lmaintext                     maintext     00000
__Lpowerup                      powerup      00000
__Lram                          ram          00000
__Lreset_vec                    reset_vec    00000
__Lsfr0                         sfr0         00000
__Lsfr1                         sfr1         00000
__Lsfr10                        sfr10        00000
__Lsfr11                        sfr11        00000
__Lsfr12                        sfr12        00000
__Lsfr13                        sfr13        00000
__Lsfr14                        sfr14        00000
__Lsfr15                        sfr15        00000
__Lsfr16                        sfr16        00000
__Lsfr17                        sfr17        00000
__Lsfr18                        sfr18        00000
__Lsfr19                        sfr19        00000
__Lsfr2                         sfr2         00000
__Lsfr20                        sfr20        00000
__Lsfr21                        sfr21        00000
__Lsfr22                        sfr22        00000
__Lsfr23                        sfr23        00000
__Lsfr24                        sfr24        00000
__Lsfr25                        sfr25        00000
__Lsfr26                        sfr26        00000
__Lsfr27                        sfr27        00000
__Lsfr28                        sfr28        00000
__Lsfr29                        sfr29        00000
__Lsfr3                         sfr3         00000
__Lsfr30                        sfr30        00000
__Lsfr31                        sfr31        00000
__Lsfr4                         sfr4         00000
__Lsfr5                         sfr5         00000
__Lsfr6                         sfr6         00000
__Lsfr7                         sfr7         00000
__Lsfr8                         sfr8         00000
__Lsfr9                         sfr9         00000
__Lspace_0                      (abs)        00000
__Lspace_1                      (abs)        00000
__Lspace_2                      (abs)        00000
__Lspace_3                      (abs)        00000
__Lspace_4                      (abs)        00000
__Lstack                        stack        00000
__Lstrings                      strings      00000
__Ltext                         text         00000
__S0                            (abs)        00800
__S1                            (abs)        0007D
___heap_hi                      (abs)        00000
___heap_lo                      (abs)        00000
___int_sp                       stack        00000
___latbits                      (abs)        00001
___sp                           stack        00000
___stackhi                      (abs)        00000
___stacklo                      (abs)        00000
__end_of_OSCILLATOR_Initialize  text9        0071A
__end_of_PIN_MANAGER_Initialize text8        0075C
__end_of_SYSTEM_Initialize      text6        00724
__end_of_WDT_Initialize         text7        00708
__end_of__initialization        cinit        007FD
__end_of_byteFrom               text5        0072F
__end_of_main                   maintext     0079B
__end_of_onePulse               text4        00712
__end_of_sendByte               text2        007F5
__end_of_writeColor             text1        0073C
__end_of_zeroPulse              text3        0070C
__initialization                cinit        007F5
__pbssBANK0                     bssBANK0     00020
__pbssCOMMON                    bssCOMMON    0007C
__pcstackCOMMON                 cstackCOMMON 00070
__pmaintext                     maintext     0075C
__ptext1                        text1        0072F
__ptext2                        text2        0079B
__ptext3                        text3        00708
__ptext4                        text4        0070C
__ptext5                        text5        00724
__ptext6                        text6        0071A
__ptext7                        text7        00704
__ptext8                        text8        0073C
__ptext9                        text9        00712
_byteFrom                       text5        00724
_main                           maintext     0075C
_onePulse                       text4        0070C
_sendByte                       text2        0079B
_writeColor                     text1        0072F
_zeroPulse                      text3        00708
btemp                           (abs)        0007E
byteFrom@F6899                  bssCOMMON    0007C
byteFrom@byte                   cstackCOMMON 00072
byteFrom@n                      cstackCOMMON 00071
end_of_initialization           cinit        007FD
intlevel0                       functab      00000
intlevel1                       functab      00000
intlevel2                       functab      00000
intlevel3                       functab      00000
intlevel4                       functab      00000
intlevel5                       functab      00000
main@F6898                      bssBANK0     00023
main@F6900                      bssBANK0     00020
main@greenColor                 cstackCOMMON 00079
main@redColor                   cstackCOMMON 00076
reset_vec                       reset_vec    00000
sendByte@byte                   cstackCOMMON 00070
start                           init         00002
start_initialization            cinit        007F5
writeColor@color                cstackCOMMON 00071
wtemp0                          (abs)        0007E


MODULE INFORMATION

Module		Function		Class		Link	Load	Size
mcc_generated_files/pin_manager.c
		_PIN_MANAGER_Initialize		CODE           	073C	0000	32

mcc_generated_files/pin_manager.c estimated size: 32

shared
		__initialization		CODE           	07F5	0000	8

shared estimated size: 8

mcc_generated_files/mcc.c
		_WDT_Initialize		CODE           	0704	0000	4
		_OSCILLATOR_Initialize		CODE           	0712	0000	8
		_SYSTEM_Initialize		CODE           	071A	0000	10

mcc_generated_files/mcc.c estimated size: 22

led_strip.c
		_byteFrom      		CODE           	0724	0000	11
		_writeColor    		CODE           	072F	0000	13
		_onePulse      		CODE           	070C	0000	6
		_zeroPulse     		CODE           	0708	0000	4
		_sendByte      		CODE           	079B	0000	90

led_strip.c estimated size: 124

main.c
		_main          		CODE           	075C	0000	63

main.c estimated size: 63

